Archive member included to satisfy reference by file (symbol)

c:/program files (x86)/atmel/studio/7.0/toolchain/arm/arm-gnu-toolchain/bin/../lib/gcc/arm-none-eabi/6.3.1/thumb/v6-m\libgcc.a(_thumb1_case_uhi.o)
                              spi_pr_sn.o (__gnu_thumb1_case_uhi)
c:/program files (x86)/atmel/studio/7.0/toolchain/arm/arm-gnu-toolchain/bin/../lib/gcc/arm-none-eabi/6.3.1/thumb/v6-m\libgcc.a(_udivsi3.o)
                              hpl/core/hpl_core_m0plus_base.o (__aeabi_uidiv)
c:/program files (x86)/atmel/studio/7.0/toolchain/arm/arm-gnu-toolchain/bin/../lib/gcc/arm-none-eabi/6.3.1/thumb/v6-m\libgcc.a(_dvmd_tls.o)
                              c:/program files (x86)/atmel/studio/7.0/toolchain/arm/arm-gnu-toolchain/bin/../lib/gcc/arm-none-eabi/6.3.1/thumb/v6-m\libgcc.a(_udivsi3.o) (__aeabi_idiv0)
c:/program files (x86)/atmel/studio/7.0/toolchain/arm/arm-gnu-toolchain/bin/../lib/gcc/arm-none-eabi/6.3.1/thumb/v6-m\libgcc.a(_aeabi_uldivmod.o)
                              hpl/sercom/hpl_sercom.o (__aeabi_uldivmod)
c:/program files (x86)/atmel/studio/7.0/toolchain/arm/arm-gnu-toolchain/bin/../lib/gcc/arm-none-eabi/6.3.1/thumb/v6-m\libgcc.a(_muldi3.o)
                              hpl/sercom/hpl_sercom.o (__aeabi_lmul)
c:/program files (x86)/atmel/studio/7.0/toolchain/arm/arm-gnu-toolchain/bin/../lib/gcc/arm-none-eabi/6.3.1/thumb/v6-m\libgcc.a(_ffssi2.o)
                              hpl/eic/hpl_eic.o (__ffssi2)
c:/program files (x86)/atmel/studio/7.0/toolchain/arm/arm-gnu-toolchain/bin/../lib/gcc/arm-none-eabi/6.3.1/thumb/v6-m\libgcc.a(_fixunsdfsi.o)
                              hpl/sercom/hpl_sercom.o (__aeabi_d2uiz)
c:/program files (x86)/atmel/studio/7.0/toolchain/arm/arm-gnu-toolchain/bin/../lib/gcc/arm-none-eabi/6.3.1/thumb/v6-m\libgcc.a(_udivmoddi4.o)
                              c:/program files (x86)/atmel/studio/7.0/toolchain/arm/arm-gnu-toolchain/bin/../lib/gcc/arm-none-eabi/6.3.1/thumb/v6-m\libgcc.a(_aeabi_uldivmod.o) (__udivmoddi4)
c:/program files (x86)/atmel/studio/7.0/toolchain/arm/arm-gnu-toolchain/bin/../lib/gcc/arm-none-eabi/6.3.1/thumb/v6-m\libgcc.a(addsf3.o)
                              spi_pr_sn.o (__aeabi_fadd)
c:/program files (x86)/atmel/studio/7.0/toolchain/arm/arm-gnu-toolchain/bin/../lib/gcc/arm-none-eabi/6.3.1/thumb/v6-m\libgcc.a(divsf3.o)
                              spi_pr_sn.o (__aeabi_fdiv)
c:/program files (x86)/atmel/studio/7.0/toolchain/arm/arm-gnu-toolchain/bin/../lib/gcc/arm-none-eabi/6.3.1/thumb/v6-m\libgcc.a(mulsf3.o)
                              spi_pr_sn.o (__aeabi_fmul)
c:/program files (x86)/atmel/studio/7.0/toolchain/arm/arm-gnu-toolchain/bin/../lib/gcc/arm-none-eabi/6.3.1/thumb/v6-m\libgcc.a(subsf3.o)
                              spi_pr_sn.o (__aeabi_fsub)
c:/program files (x86)/atmel/studio/7.0/toolchain/arm/arm-gnu-toolchain/bin/../lib/gcc/arm-none-eabi/6.3.1/thumb/v6-m\libgcc.a(floatsisf.o)
                              spi_pr_sn.o (__aeabi_i2f)
c:/program files (x86)/atmel/studio/7.0/toolchain/arm/arm-gnu-toolchain/bin/../lib/gcc/arm-none-eabi/6.3.1/thumb/v6-m\libgcc.a(divdf3.o)
                              hpl/sercom/hpl_sercom.o (__aeabi_ddiv)
c:/program files (x86)/atmel/studio/7.0/toolchain/arm/arm-gnu-toolchain/bin/../lib/gcc/arm-none-eabi/6.3.1/thumb/v6-m\libgcc.a(muldf3.o)
                              hpl/sercom/hpl_sercom.o (__aeabi_dmul)
c:/program files (x86)/atmel/studio/7.0/toolchain/arm/arm-gnu-toolchain/bin/../lib/gcc/arm-none-eabi/6.3.1/thumb/v6-m\libgcc.a(subdf3.o)
                              hpl/sercom/hpl_sercom.o (__aeabi_dsub)
c:/program files (x86)/atmel/studio/7.0/toolchain/arm/arm-gnu-toolchain/bin/../lib/gcc/arm-none-eabi/6.3.1/thumb/v6-m\libgcc.a(fixdfsi.o)
                              c:/program files (x86)/atmel/studio/7.0/toolchain/arm/arm-gnu-toolchain/bin/../lib/gcc/arm-none-eabi/6.3.1/thumb/v6-m\libgcc.a(_fixunsdfsi.o) (__aeabi_d2iz)
c:/program files (x86)/atmel/studio/7.0/toolchain/arm/arm-gnu-toolchain/bin/../lib/gcc/arm-none-eabi/6.3.1/thumb/v6-m\libgcc.a(floatsidf.o)
                              hpl/sercom/hpl_sercom.o (__aeabi_i2d)
c:/program files (x86)/atmel/studio/7.0/toolchain/arm/arm-gnu-toolchain/bin/../lib/gcc/arm-none-eabi/6.3.1/thumb/v6-m\libgcc.a(floatunsidf.o)
                              hpl/sercom/hpl_sercom.o (__aeabi_ui2d)
c:/program files (x86)/atmel/studio/7.0/toolchain/arm/arm-gnu-toolchain/bin/../lib/gcc/arm-none-eabi/6.3.1/thumb/v6-m\libgcc.a(_arm_cmpdf2.o)
                              c:/program files (x86)/atmel/studio/7.0/toolchain/arm/arm-gnu-toolchain/bin/../lib/gcc/arm-none-eabi/6.3.1/thumb/v6-m\libgcc.a(_fixunsdfsi.o) (__aeabi_dcmpge)
c:/program files (x86)/atmel/studio/7.0/toolchain/arm/arm-gnu-toolchain/bin/../lib/gcc/arm-none-eabi/6.3.1/thumb/v6-m\libgcc.a(_clzsi2.o)
                              c:/program files (x86)/atmel/studio/7.0/toolchain/arm/arm-gnu-toolchain/bin/../lib/gcc/arm-none-eabi/6.3.1/thumb/v6-m\libgcc.a(addsf3.o) (__clzsi2)
[...]
Memory Configuration

Name             Origin             Length             Attributes
rom              0x00000000         0x00040000         xr
ram              0x20000000         0x00008000         xrw
*default*        0x00000000         0xffffffff

Linker script and memory map

LOAD c:/program files (x86)/atmel/studio/7.0/toolchain/arm/arm-gnu-toolchain/bin/../lib/gcc/arm-none-eabi/6.3.1/thumb/v6-m/crti.o
LOAD c:/program files (x86)/atmel/studio/7.0/toolchain/arm/arm-gnu-toolchain/bin/../lib/gcc/arm-none-eabi/6.3.1/thumb/v6-m/crtbegin.o
LOAD c:/program files (x86)/atmel/studio/7.0/toolchain/arm/arm-gnu-toolchain/bin/../lib/gcc/arm-none-eabi/6.3.1/../../../../arm-none-eabi/lib/thumb/v6-m/crt0.o
LOAD atmel_start.o
LOAD Device_Startup/startup_samd21.o
LOAD Device_Startup/system_samd21.o
LOAD driver_init.o
LOAD examples/driver_examples.o
LOAD hal/src/hal_atomic.o
LOAD hal/src/hal_delay.o
LOAD hal/src/hal_ext_irq.o
LOAD hal/src/hal_gpio.o
LOAD hal/src/hal_init.o
LOAD hal/src/hal_io.o
LOAD hal/src/hal_sleep.o
LOAD hal/src/hal_spi_m_async.o
LOAD hal/src/hal_timer.o
LOAD hal/src/hal_usart_sync.o
LOAD hal/utils/src/utils_assert.o
LOAD hal/utils/src/utils_event.o
LOAD hal/utils/src/utils_list.o
LOAD hal/utils/src/utils_syscalls.o
LOAD hpl/core/hpl_core_m0plus_base.o
LOAD hpl/core/hpl_init.o
LOAD hpl/dmac/hpl_dmac.o
LOAD hpl/eic/hpl_eic.o
LOAD hpl/gclk/hpl_gclk.o
LOAD hpl/pm/hpl_pm.o
LOAD hpl/rtc/hpl_rtc.o
LOAD hpl/sercom/hpl_sercom.o
LOAD hpl/sysctrl/hpl_sysctrl.o
LOAD main.o
LOAD spi_pr_sn.o
LOAD subbus.o
LOAD Timer_Setup.o
START GROUP
LOAD c:/program files (x86)/atmel/studio/7.0/toolchain/arm/arm-gnu-toolchain/bin/../lib/gcc/arm-none-eabi/6.3.1/../../../../arm-none-eabi/lib/thumb/v6-m\libm.a
END GROUP
START GROUP
LOAD c:/program files (x86)/atmel/studio/7.0/toolchain/arm/arm-gnu-toolchain/bin/../lib/gcc/arm-none-eabi/6.3.1/thumb/v6-m\libgcc.a
LOAD c:/program files (x86)/atmel/studio/7.0/toolchain/arm/arm-gnu-toolchain/bin/../lib/gcc/arm-none-eabi/6.3.1/../../../../arm-none-eabi/lib/thumb/v6-m\libc_nano.a
END GROUP
START GROUP
LOAD c:/program files (x86)/atmel/studio/7.0/toolchain/arm/arm-gnu-toolchain/bin/../lib/gcc/arm-none-eabi/6.3.1/thumb/v6-m\libgcc.a
LOAD c:/program files (x86)/atmel/studio/7.0/toolchain/arm/arm-gnu-toolchain/bin/../lib/gcc/arm-none-eabi/6.3.1/../../../../arm-none-eabi/lib/thumb/v6-m\libc_nano.a
END GROUP
LOAD c:/program files (x86)/atmel/studio/7.0/toolchain/arm/arm-gnu-toolchain/bin/../lib/gcc/arm-none-eabi/6.3.1/thumb/v6-m/crtend.o
LOAD c:/program files (x86)/atmel/studio/7.0/toolchain/arm/arm-gnu-toolchain/bin/../lib/gcc/arm-none-eabi/6.3.1/thumb/v6-m/crtn.o
                0x00002000                STACK_SIZE = DEFINED (STACK_SIZE)?STACK_SIZE:DEFINED (__stack_size__)?__stack_size__:0x2000

.text           0x00000000     0x329c
                0x00000000                . = ALIGN (0x4)
                0x00000000                _sfixed = .
 *(.vectors .vectors.*)
 .vectors       0x00000000       0xb4 Device_Startup/startup_samd21.o
                0x00000000                exception_table
 *(.text .text.* .gnu.linkonce.t.*)
 .text          0x000000b4       0x60 c:/program files (x86)/atmel/studio/7.0/toolchain/arm/arm-gnu-toolchain/bin/../lib/gcc/arm-none-eabi/6.3.1/thumb/v6-m/crtbegin.o
 .text.atmel_start_init
                0x00000114        0xc atmel_start.o
                0x00000114                atmel_start_init
 .text.Dummy_Handler
                0x00000120        0x2 Device_Startup/startup_samd21.o
                0x00000120                SVCall_Handler
                0x00000120                DMAC_Handler
                0x00000120                HardFault_Handler
                0x00000120                AC_Handler
                0x00000120                SysTick_Handler
                0x00000120                PendSV_Handler
                0x00000120                ADC_Handler
                0x00000120                NonMaskableInt_Handler
                0x00000120                TCC1_Handler
                0x00000120                SERCOM2_Handler
                0x00000120                TCC0_Handler
                0x00000120                WDT_Handler
                0x00000120                TC4_Handler
                0x00000120                USB_Handler
                0x00000120                TC3_Handler
                0x00000120                Dummy_Handler
                0x00000120                PM_Handler
                0x00000120                SERCOM5_Handler
                0x00000120                TCC2_Handler
                0x00000120                EVSYS_Handler
                0x00000120                SERCOM3_Handler
                0x00000120                I2S_Handler
                0x00000120                NVMCTRL_Handler
                0x00000120                DAC_Handler
                0x00000120                PTC_Handler
                0x00000120                TC5_Handler
                0x00000120                SYSCTRL_Handler
 *fill*         0x00000122        0x2 
 .text.Reset_Handler
                0x00000124       0xbc Device_Startup/startup_samd21.o
                0x00000124                Reset_Handler
 .text._gpio_set_pin_function
                0x000001e0       0x70 driver_init.o
 .text.gpio_set_pin_direction
                0x00000250       0x98 driver_init.o
 .text.EXTERNAL_IRQ_0_init
                0x000002e8       0x44 driver_init.o
                0x000002e8                EXTERNAL_IRQ_0_init
 .text.spi_ad_da_port_init
                0x0000032c       0x60 driver_init.o
                0x0000032c                spi_ad_da_port_init
 .text.spi_ad_da_clock_init
                0x0000038c       0x20 driver_init.o
                0x0000038c                spi_ad_da_clock_init
 .text.spi_ad_da_init
                0x000003ac       0x28 driver_init.o
                0x000003ac                spi_ad_da_init
 .text.spi_pr_sn_port_init
                0x000003d4       0x60 driver_init.o
                0x000003d4                spi_pr_sn_port_init
 .text.spi_pr_sn_clock_init
                0x00000434       0x20 driver_init.o
                0x00000434                spi_pr_sn_clock_init
 .text.spi_pr_sn_init
                0x00000454       0x28 driver_init.o
                0x00000454                spi_pr_sn_init
 .text.spi_sd_port_init
                0x0000047c       0x60 driver_init.o
                0x0000047c                spi_sd_port_init
 .text.spi_sd_clock_init
                0x000004dc       0x20 driver_init.o
                0x000004dc                spi_sd_clock_init
 .text.spi_sd_init
                0x000004fc       0x28 driver_init.o
                0x000004fc                spi_sd_init
 .text.usart_0_port_init
                0x00000524       0x20 driver_init.o
                0x00000524                usart_0_port_init
 .text.usart_0_clock_init
                0x00000544       0x20 driver_init.o
                0x00000544                usart_0_clock_init
 .text.USART_0_init
                0x00000564       0x2c driver_init.o
                0x00000564                USART_0_init
 .text.system_init
                0x00000590      0x1f0 driver_init.o
                0x00000590                system_init
 .text.atomic_enter_critical
                0x00000780        0xe hal/src/hal_atomic.o
                0x00000780                atomic_enter_critical
 .text.atomic_leave_critical
                0x0000078e        0xc hal/src/hal_atomic.o
                0x0000078e                atomic_leave_critical
 *fill*         0x0000079a        0x2 
 .text.process_ext_irq
                0x0000079c       0x34 hal/src/hal_ext_irq.o
 .text.ext_irq_init
                0x000007d0       0x24 hal/src/hal_ext_irq.o
                0x000007d0                ext_irq_init
 .text._spi_m_async_io_write
                0x000007f4       0x40 hal/src/hal_spi_m_async.o
 .text._spi_m_async_io_read
                0x00000834       0x50 hal/src/hal_spi_m_async.o
 .text._spi_dev_error
                0x00000884       0x40 hal/src/hal_spi_m_async.o
 .text._spi_dev_complete
                0x000008c4       0x2c hal/src/hal_spi_m_async.o
 .text._spi_dev_rx
                0x000008f0       0x8c hal/src/hal_spi_m_async.o
 .text._spi_dev_tx
                0x0000097c       0x50 hal/src/hal_spi_m_async.o
 .text.spi_m_async_init
                0x000009cc       0x80 hal/src/hal_spi_m_async.o
                0x000009cc                spi_m_async_init
 .text.spi_m_async_enable
                0x00000a4c       0x28 hal/src/hal_spi_m_async.o
                0x00000a4c                spi_m_async_enable
 .text.spi_m_async_disable
                0x00000a74       0x40 hal/src/hal_spi_m_async.o
                0x00000a74                spi_m_async_disable
 .text.spi_m_async_set_mode
                0x00000ab4       0x3c hal/src/hal_spi_m_async.o
                0x00000ab4                spi_m_async_set_mode
 .text.spi_m_async_transfer
                0x00000af0       0x68 hal/src/hal_spi_m_async.o
                0x00000af0                spi_m_async_transfer
 .text.spi_m_async_register_callback
                0x00000b58       0x48 hal/src/hal_spi_m_async.o
                0x00000b58                spi_m_async_register_callback
 .text.timer_add_timer_task
                0x00000ba0       0x58 hal/src/hal_timer.o
 .text.timer_process_counted
                0x00000bf8       0x60 hal/src/hal_timer.o
 .text.timer_init
                0x00000c58       0x3c hal/src/hal_timer.o
                0x00000c58                timer_init
 .text.timer_start
                0x00000c94       0x3c hal/src/hal_timer.o
                0x00000c94                timer_start
 .text.timer_set_clock_cycles_per_tick
                0x00000cd0       0x2c hal/src/hal_timer.o
                0x00000cd0                timer_set_clock_cycles_per_tick
 .text.timer_add_task
                0x00000cfc       0xa0 hal/src/hal_timer.o
                0x00000cfc                timer_add_task
 .text.usart_sync_write
                0x00000d9c       0x68 hal/src/hal_usart_sync.o
 .text.usart_sync_read
                0x00000e04       0x54 hal/src/hal_usart_sync.o
 .text.usart_sync_init
                0x00000e58       0x48 hal/src/hal_usart_sync.o
                0x00000e58                usart_sync_init
 .text.assert   0x00000ea0        0x8 hal/utils/src/utils_assert.o
                0x00000ea0                assert
 .text.is_list_element
                0x00000ea8       0x10 hal/utils/src/utils_list.o
                0x00000ea8                is_list_element
 .text.list_insert_as_head
                0x00000eb8       0x30 hal/utils/src/utils_list.o
                0x00000eb8                list_insert_as_head
 .text.list_insert_after
                0x00000ee8        0x8 hal/utils/src/utils_list.o
                0x00000ee8                list_insert_after
 .text.list_remove_head
                0x00000ef0        0xe hal/utils/src/utils_list.o
                0x00000ef0                list_remove_head
 *fill*         0x00000efe        0x2 
 .text._init_chip
                0x00000f00       0x30 hpl/core/hpl_init.o
                0x00000f00                _init_chip
 .text.hri_eic_wait_for_sync.constprop.3
                0x00000f30       0x10 hpl/eic/hpl_eic.o
 .text._ext_irq_init
                0x00000f40       0x6c hpl/eic/hpl_eic.o
                0x00000f40                _ext_irq_init
 .text.EIC_Handler
                0x00000fac       0xa4 hpl/eic/hpl_eic.o
                0x00000fac                EIC_Handler
 .text._gclk_init_generators_by_fref
                0x00001050       0x20 hpl/gclk/hpl_gclk.o
                0x00001050                _gclk_init_generators_by_fref
 .text._pm_init
                0x00001070       0x20 hpl/pm/hpl_pm.o
                0x00001070                _pm_init
 .text.hri_rtc_wait_for_sync
                0x00001090        0x8 hpl/rtc/hpl_rtc.o
 .text._timer_init
                0x00001098       0x54 hpl/rtc/hpl_rtc.o
                0x00001098                _timer_init
 .text._timer_start
                0x000010ec       0x4c hpl/rtc/hpl_rtc.o
                0x000010ec                _timer_start
 .text._timer_set_period
                0x00001138       0x14 hpl/rtc/hpl_rtc.o
                0x00001138                _timer_set_period
 .text._timer_is_started
                0x0000114c       0x18 hpl/rtc/hpl_rtc.o
                0x0000114c                _timer_is_started
 .text._timer_set_irq
                0x00001164        0x2 hpl/rtc/hpl_rtc.o
                0x00001164                _timer_set_irq
 .text._rtc_get_timer
                0x00001166        0x4 hpl/rtc/hpl_rtc.o
                0x00001166                _rtc_get_timer
 *fill*         0x0000116a        0x2 
 .text.RTC_Handler
                0x0000116c       0x24 hpl/rtc/hpl_rtc.o
                0x0000116c                RTC_Handler
 .text.__NVIC_EnableIRQ
                0x00001190       0x18 hpl/sercom/hpl_sercom.o
 .text.__NVIC_DisableIRQ
                0x000011a8       0x20 hpl/sercom/hpl_sercom.o
 .text.__NVIC_ClearPendingIRQ
                0x000011c8       0x1c hpl/sercom/hpl_sercom.o
 .text.hri_sercomspi_wait_for_sync
                0x000011e4        0x8 hpl/sercom/hpl_sercom.o
 .text.hri_sercomusart_wait_for_sync
                0x000011ec        0x8 hpl/sercom/hpl_sercom.o
 .text.hri_sercomusart_clear_CTRLA_ENABLE_bit
                0x000011f4       0x18 hpl/sercom/hpl_sercom.o
 .text._sercom_init_irq_param
                0x0000120c       0x34 hpl/sercom/hpl_sercom.o
 .text._spi_sync_enable
                0x00001240       0x28 hpl/sercom/hpl_sercom.o
 .text._spi_handler
                0x00001268       0x40 hpl/sercom/hpl_sercom.o
 .text._spi_set_mode
                0x000012a8       0x44 hpl/sercom/hpl_sercom.o
 .text._spi_sync_disable
                0x000012ec       0x28 hpl/sercom/hpl_sercom.o
 .text._usart_init
                0x00001314       0x90 hpl/sercom/hpl_sercom.o
 .text._usart_sync_init
                0x000013a4       0x2c hpl/sercom/hpl_sercom.o
                0x000013a4                _usart_sync_init
 .text._usart_sync_write_byte
                0x000013d0        0x8 hpl/sercom/hpl_sercom.o
                0x000013d0                _usart_sync_write_byte
 .text._usart_sync_read_byte
                0x000013d8        0x8 hpl/sercom/hpl_sercom.o
                0x000013d8                _usart_sync_read_byte
 .text._usart_sync_is_ready_to_send
                0x000013e0        0xa hpl/sercom/hpl_sercom.o
                0x000013e0                _usart_sync_is_ready_to_send
 .text._usart_sync_is_transmit_done
                0x000013ea        0xa hpl/sercom/hpl_sercom.o
                0x000013ea                _usart_sync_is_transmit_done
 .text._usart_sync_is_byte_received
                0x000013f4        0xa hpl/sercom/hpl_sercom.o
                0x000013f4                _usart_sync_is_byte_received
 *fill*         0x000013fe        0x2 
 .text.SERCOM0_Handler
                0x00001400       0x14 hpl/sercom/hpl_sercom.o
                0x00001400                SERCOM0_Handler
 .text.SERCOM1_Handler
                0x00001414       0x14 hpl/sercom/hpl_sercom.o
                0x00001414                SERCOM1_Handler
 .text.SERCOM4_Handler
                0x00001428       0x14 hpl/sercom/hpl_sercom.o
                0x00001428                SERCOM4_Handler
 .text._spi_m_sync_init
                0x0000143c      0x1c4 hpl/sercom/hpl_sercom.o
                0x0000143c                _spi_m_sync_init
 .text._spi_m_async_init
                0x00001600       0x4c hpl/sercom/hpl_sercom.o
                0x00001600                _spi_m_async_init
 .text._spi_m_async_enable
                0x0000164c       0x48 hpl/sercom/hpl_sercom.o
                0x0000164c                _spi_m_async_enable
 .text._spi_m_async_disable
                0x00001694       0x4c hpl/sercom/hpl_sercom.o
                0x00001694                _spi_m_async_disable
 .text._spi_m_async_set_mode
                0x000016e0       0x34 hpl/sercom/hpl_sercom.o
                0x000016e0                _spi_m_async_set_mode
 .text._spi_m_async_enable_tx
                0x00001714       0x34 hpl/sercom/hpl_sercom.o
                0x00001714                _spi_m_async_enable_tx
 .text._spi_m_async_enable_rx
                0x00001748       0x40 hpl/sercom/hpl_sercom.o
                0x00001748                _spi_m_async_enable_rx
 .text._spi_m_async_enable_tx_complete
                0x00001788       0x38 hpl/sercom/hpl_sercom.o
                0x00001788                _spi_m_async_enable_tx_complete
 .text._spi_m_async_write_one
                0x000017c0       0x30 hpl/sercom/hpl_sercom.o
                0x000017c0                _spi_m_async_write_one
 .text._spi_m_async_read_one
                0x000017f0       0x2c hpl/sercom/hpl_sercom.o
                0x000017f0                _spi_m_async_read_one
 .text._spi_m_async_register_callback
                0x0000181c       0x34 hpl/sercom/hpl_sercom.o
                0x0000181c                _spi_m_async_register_callback
 .text._spi_m_async_set_irq_state
                0x00001850       0x34 hpl/sercom/hpl_sercom.o
                0x00001850                _spi_m_async_set_irq_state
 .text._sysctrl_init_sources
                0x00001884       0x40 hpl/sysctrl/hpl_sysctrl.o
                0x00001884                _sysctrl_init_sources
 .text._sysctrl_init_referenced_generators
                0x000018c4       0x10 hpl/sysctrl/hpl_sysctrl.o
                0x000018c4                _sysctrl_init_referenced_generators
 .text.startup.main
                0x000018d4       0x6c main.o
                0x000018d4                main
 .text.complete_cb_PS_SPI
                0x00001940        0xc spi_pr_sn.o
 .text.PS_start_spi_transfer
                0x0000194c       0x3c spi_pr_sn.o
 .text.ps_spi_reset
                0x00001988       0x34 spi_pr_sn.o
                0x00001988                ps_spi_reset
 .text.PS_chip_deselect
                0x000019bc       0x16 spi_pr_sn.o
 *fill*         0x000019d2        0x2 
 .text.txfr_block
                0x000019d4       0x24 spi_pr_sn.o
                0x000019d4                txfr_block
 .text.bytes2float32
                0x000019f8       0x20 spi_pr_sn.o
                0x000019f8                bytes2float32
 .text.sort_PS_EEPROM_info
                0x00001a18       0x54 spi_pr_sn.o
                0x00001a18                sort_PS_EEPROM_info
 .text.sort_PS_EEPROM_coeffs
                0x00001a6c       0x6c spi_pr_sn.o
                0x00001a6c                sort_PS_EEPROM_coeffs
 .text.get_coef
                0x00001ad8       0x30 spi_pr_sn.o
                0x00001ad8                get_coef
 .text.use_coef
                0x00001b08       0xf0 spi_pr_sn.o
                0x00001b08                use_coef
 .text.ps_spi_poll
                0x00001bf8      0x3c8 spi_pr_sn.o
                0x00001bf8                ps_spi_poll
 .text.sb_matlab_test_reset
                0x00001fc0       0x10 subbus.o
 .text.sb_fail_sw_reset
                0x00001fd0        0xc subbus.o
 .text.sb_matlab_test_poll
                0x00001fdc       0x18 subbus.o
 .text.sb_fail_sw_poll
                0x00001ff4       0x1c subbus.o
 .text.subbus_add_driver
                0x00002010       0x38 subbus.o
                0x00002010                subbus_add_driver
 .text.subbus_reset
                0x00002048       0x24 subbus.o
                0x00002048                subbus_reset
 .text.subbus_poll
                0x0000206c       0x24 subbus.o
                0x0000206c                subbus_poll
 .text.subbus_cache_update
                0x00002090       0x2a subbus.o
                0x00002090                subbus_cache_update
 *fill*         0x000020ba        0x2 
 .text.board_desc_action
                0x000020bc       0x5c subbus.o
 .text.board_desc_init
                0x00002118       0x3c subbus.o
 .text.TIMER_0_task1_cb
                0x00002154       0x18 Timer_Setup.o
 .text.TIMER_0_go
                0x0000216c       0x44 Timer_Setup.o
                0x0000216c                TIMER_0_go
 .text          0x000021b0       0x14 c:/program files (x86)/atmel/studio/7.0/toolchain/arm/arm-gnu-toolchain/bin/../lib/gcc/arm-none-eabi/6.3.1/thumb/v6-m\libgcc.a(_thumb1_case_uhi.o)
                0x000021b0                __gnu_thumb1_case_uhi
 .text          0x000021c4       0x14 c:/program files (x86)/atmel/studio/7.0/toolchain/arm/arm-gnu-toolchain/bin/../lib/gcc/arm-none-eabi/6.3.1/thumb/v6-m\libgcc.a(_ffssi2.o)
                0x000021c4                __ffssi2
 .text          0x000021d8      0x324 c:/program files (x86)/atmel/studio/7.0/toolchain/arm/arm-gnu-toolchain/bin/../lib/gcc/arm-none-eabi/6.3.1/thumb/v6-m\libgcc.a(addsf3.o)
                0x000021d8                __aeabi_fadd
 .text          0x000024fc      0x290 c:/program files (x86)/atmel/studio/7.0/toolchain/arm/arm-gnu-toolchain/bin/../lib/gcc/arm-none-eabi/6.3.1/thumb/v6-m\libgcc.a(divsf3.o)
                0x000024fc                __aeabi_fdiv
 .text          0x0000278c      0x240 c:/program files (x86)/atmel/studio/7.0/toolchain/arm/arm-gnu-toolchain/bin/../lib/gcc/arm-none-eabi/6.3.1/thumb/v6-m\libgcc.a(mulsf3.o)
                0x0000278c                __aeabi_fmul
 .text          0x000029cc      0x338 c:/program files (x86)/atmel/studio/7.0/toolchain/arm/arm-gnu-toolchain/bin/../lib/gcc/arm-none-eabi/6.3.1/thumb/v6-m\libgcc.a(subsf3.o)
                0x000029cc                __aeabi_fsub
 .text          0x00002d04       0xa0 c:/program files (x86)/atmel/studio/7.0/toolchain/arm/arm-gnu-toolchain/bin/../lib/gcc/arm-none-eabi/6.3.1/thumb/v6-m\libgcc.a(floatsisf.o)
                0x00002d04                __aeabi_i2f
 .text          0x00002da4       0x3c c:/program files (x86)/atmel/studio/7.0/toolchain/arm/arm-gnu-toolchain/bin/../lib/gcc/arm-none-eabi/6.3.1/thumb/v6-m\libgcc.a(_clzsi2.o)
                0x00002da4                __clzsi2
 .text          0x00002de0       0x40 c:/program files (x86)/atmel/studio/7.0/toolchain/arm/arm-gnu-toolchain/bin/../lib/gcc/arm-none-eabi/6.3.1/thumb/v6-m\libgcc.a(_ctzsi2.o)
                0x00002de0                __ctzsi2
 .text.__libc_init_array
                0x00002e20       0x48 c:/program files (x86)/atmel/studio/7.0/toolchain/arm/arm-gnu-toolchain/bin/../lib/gcc/arm-none-eabi/6.3.1/../../../../arm-none-eabi/lib/thumb/v6-m\libc_nano.a(lib_a-init.o)
                0x00002e20                __libc_init_array
 *(.glue_7t)
 .glue_7t       0x00002e68        0x0 linker stubs
 *(.glue_7)
 .glue_7        0x00002e68        0x0 linker stubs
 *(.rodata .rodata* .gnu.linkonce.r.*)
 .rodata.str1.1
                0x00002e68       0x1c driver_init.o
 .rodata.str1.1
                0x00002e84       0x1d hal/src/hal_spi_m_async.o
 .rodata.str1.1
                0x00002ea1       0x17 hal/src/hal_timer.o
 .rodata.str1.1
                0x00002eb8       0x1c hal/src/hal_usart_sync.o
 .rodata.str1.1
                0x00002ed4       0x1e hal/utils/src/utils_list.o
 *fill*         0x00002ef2        0x2 
 .rodata        0x00002ef4        0x8 hpl/eic/hpl_eic.o
 .rodata.str1.1
                0x00002efc       0x15 hpl/eic/hpl_eic.o
 .rodata.str1.1
                0x00002f11       0x15 hpl/rtc/hpl_rtc.o
 *fill*         0x00002f26        0x2 
 .rodata        0x00002f28       0x4b hpl/sercom/hpl_sercom.o
 .rodata.str1.1
                0x00002f73       0x1b hpl/sercom/hpl_sercom.o
 .rodata        0x00002f8e      0x200 spi_pr_sn.o
 .rodata.str1.1
                0x0000318e       0x2d subbus.o
 *fill*         0x000031bb        0x1 
 .rodata        0x000031bc       0x80 c:/program files (x86)/atmel/studio/7.0/toolchain/arm/arm-gnu-toolchain/bin/../lib/gcc/arm-none-eabi/6.3.1/thumb/v6-m\libgcc.a(divsf3.o)
 .rodata        0x0000323c       0x40 c:/program files (x86)/atmel/studio/7.0/toolchain/arm/arm-gnu-toolchain/bin/../lib/gcc/arm-none-eabi/6.3.1/thumb/v6-m\libgcc.a(mulsf3.o)
 *(.ARM.extab* .gnu.linkonce.armextab.*)
                0x0000327c                . = ALIGN (0x4)
 *(.init)
 .init          0x0000327c        0x4 c:/program files (x86)/atmel/studio/7.0/toolchain/arm/arm-gnu-toolchain/bin/../lib/gcc/arm-none-eabi/6.3.1/thumb/v6-m/crti.o
                0x0000327c                _init
 .init          0x00003280        0x8 c:/program files (x86)/atmel/studio/7.0/toolchain/arm/arm-gnu-toolchain/bin/../lib/gcc/arm-none-eabi/6.3.1/thumb/v6-m/crtn.o
                0x00003288                . = ALIGN (0x4)
                0x00003288                __preinit_array_start = .
 *(.preinit_array)
                0x00003288                __preinit_array_end = .
                0x00003288                . = ALIGN (0x4)
                0x00003288                __init_array_start = .
 *(SORT(.init_array.*))
 *(.init_array)
 .init_array    0x00003288        0x4 c:/program files (x86)/atmel/studio/7.0/toolchain/arm/arm-gnu-toolchain/bin/../lib/gcc/arm-none-eabi/6.3.1/thumb/v6-m/crtbegin.o
                0x0000328c                __init_array_end = .
                0x0000328c                . = ALIGN (0x4)
 *crtbegin.o(.ctors)
 *(EXCLUDE_FILE(*crtend.o) .ctors)
 *(SORT(.ctors.*))
 *crtend.o(.ctors)
                0x0000328c                . = ALIGN (0x4)
 *(.fini)
 .fini          0x0000328c        0x4 c:/program files (x86)/atmel/studio/7.0/toolchain/arm/arm-gnu-toolchain/bin/../lib/gcc/arm-none-eabi/6.3.1/thumb/v6-m/crti.o
                0x0000328c                _fini
 .fini          0x00003290        0x8 c:/program files (x86)/atmel/studio/7.0/toolchain/arm/arm-gnu-toolchain/bin/../lib/gcc/arm-none-eabi/6.3.1/thumb/v6-m/crtn.o
                0x00003298                . = ALIGN (0x4)
                0x00003298                __fini_array_start = .
 *(.fini_array)
 .fini_array    0x00003298        0x4 c:/program files (x86)/atmel/studio/7.0/toolchain/arm/arm-gnu-toolchain/bin/../lib/gcc/arm-none-eabi/6.3.1/thumb/v6-m/crtbegin.o
 *(SORT(.fini_array.*))
                0x0000329c                __fini_array_end = .
 *crtbegin.o(.dtors)
 *(EXCLUDE_FILE(*crtend.o) .dtors)
 *(SORT(.dtors.*))
 *crtend.o(.dtors)
                0x0000329c                . = ALIGN (0x4)
                0x0000329c                _efixed = .
                [!provide]                PROVIDE (__exidx_start, .)

.vfp11_veneer   0x0000329c        0x0
 .vfp11_veneer  0x0000329c        0x0 linker stubs

.v4_bx          0x0000329c        0x0
 .v4_bx         0x0000329c        0x0 linker stubs

.iplt           0x0000329c        0x0
 .iplt          0x0000329c        0x0 c:/program files (x86)/atmel/studio/7.0/toolchain/arm/arm-gnu-toolchain/bin/../lib/gcc/arm-none-eabi/6.3.1/thumb/v6-m/crtbegin.o

.eh_frame       0x0000329c        0x0
 .eh_frame      0x0000329c        0x0 c:/program files (x86)/atmel/studio/7.0/toolchain/arm/arm-gnu-toolchain/bin/../lib/gcc/arm-none-eabi/6.3.1/thumb/v6-m/crtbegin.o

.rel.dyn        0x0000329c        0x0
 .rel.iplt      0x0000329c        0x0 c:/program files (x86)/atmel/studio/7.0/toolchain/arm/arm-gnu-toolchain/bin/../lib/gcc/arm-none-eabi/6.3.1/thumb/v6-m/crtbegin.o

.jcr            0x0000329c        0x0
 .jcr           0x0000329c        0x0 c:/program files (x86)/atmel/studio/7.0/toolchain/arm/arm-gnu-toolchain/bin/../lib/gcc/arm-none-eabi/6.3.1/thumb/v6-m/crtbegin.o

.igot.plt       0x0000329c        0x0
 .igot.plt      0x0000329c        0x0 c:/program files (x86)/atmel/studio/7.0/toolchain/arm/arm-gnu-toolchain/bin/../lib/gcc/arm-none-eabi/6.3.1/thumb/v6-m/crtbegin.o

.ARM.exidx
 *(.ARM.exidx* .gnu.linkonce.armexidx.*)
                [!provide]                PROVIDE (__exidx_end, .)
                0x0000329c                . = ALIGN (0x4)
                0x0000329c                _etext = .

.relocate       0x20000000      0x174 load address 0x0000329c
                0x20000000                . = ALIGN (0x4)
                0x20000000                _srelocate = .
 *(.ramfunc .ramfunc.*)
 *(.data .data.*)
 .data          0x20000000       0xa2 spi_pr_sn.o
                0x20000001                prom_num
                0x20000002                pin_cs
                0x20000003                poly_type
                0x20000004                CRC16_Computed
                0x20000008                sb_ps_spi
 *fill*         0x200000a2        0x2 
 .data          0x200000a4       0xd0 subbus.o
                0x200000d8                sb_board_desc
                0x200000f0                sb_fail_sw
                0x20000108                sb_matlab_test
                0x20000120                sb_base
                0x20000174                . = ALIGN (0x4)
                0x20000174                _erelocate = .

.bss            0x20000174      0x2d8 load address 0x00003410
                0x20000174                . = ALIGN (0x4)
                0x20000174                _sbss = .
                0x20000174                _szero = .
 *(.bss .bss.*)
 .bss           0x20000174       0x1c c:/program files (x86)/atmel/studio/7.0/toolchain/arm/arm-gnu-toolchain/bin/../lib/gcc/arm-none-eabi/6.3.1/thumb/v6-m/crtbegin.o
 .bss           0x20000190        0x8 hal/src/hal_ext_irq.o
 .bss           0x20000198        0x4 hpl/eic/hpl_eic.o
 .bss           0x2000019c        0x4 hpl/rtc/hpl_rtc.o
 .bss           0x200001a0        0xc hpl/sercom/hpl_sercom.o
 .bss           0x200001ac      0x15c spi_pr_sn.o
                0x200002f0                ps_sm
                0x200002f8                check_count
                0x200002fc                timer_ps_sm
                0x20000300                AD_reset_count
                0x20000304                wait_cnvt_cnt
 .bss           0x20000308       0x2c subbus.o
 .bss           0x20000334       0x18 Timer_Setup.o
                0x20000334                count_1msec
 *(COMMON)
 COMMON         0x2000034c      0x100 driver_init.o
                0x2000034c                SPI_PR_SN
                0x20000394                SPI_AD_DA
                0x200003dc                SPI_SD
                0x20000424                USART_0
                0x20000430                TIMER_0
                0x2000044c                . = ALIGN (0x4)
                0x2000044c                _ebss = .
                0x2000044c                _ezero = .

.stack          0x2000044c     0x2004 load address 0x000036e8
                0x20000450                . = ALIGN (0x8)
 *fill*         0x2000044c        0x4 
                0x20000450                _sstack = .
                0x20002450                . = (. + STACK_SIZE)
 *fill*         0x20000450     0x2000 
                0x20002450                . = ALIGN (0x8)
                0x20002450                _estack = .
                0x20002450                . = ALIGN (0x4)
                0x20002450                _end = .
OUTPUT(DPOPS_v1.elf elf32-littlearm)

.ARM.attributes
                0x00000000       0x28
 .ARM.attributes
                0x00000000       0x1e c:/program files (x86)/atmel/studio/7.0/toolchain/arm/arm-gnu-toolchain/bin/../lib/gcc/arm-none-eabi/6.3.1/thumb/v6-m/crti.o
 .ARM.attributes
                0x0000001e       0x2c c:/program files (x86)/atmel/studio/7.0/toolchain/arm/arm-gnu-toolchain/bin/../lib/gcc/arm-none-eabi/6.3.1/thumb/v6-m/crtbegin.o
 .ARM.attributes
                0x0000004a       0x32 atmel_start.o
 .ARM.attributes
                0x0000007c       0x32 Device_Startup/startup_samd21.o
 .ARM.attributes
                0x000000ae       0x32 driver_init.o
 .ARM.attributes
                0x000000e0       0x32 hal/src/hal_atomic.o
 .ARM.attributes
                0x00000112       0x32 hal/src/hal_ext_irq.o
 .ARM.attributes
                0x00000144       0x32 hal/src/hal_spi_m_async.o
 .ARM.attributes
                0x00000176       0x32 hal/src/hal_timer.o
 .ARM.attributes
                0x000001a8       0x32 hal/src/hal_usart_sync.o
 .ARM.attributes
                0x000001da       0x32 hal/utils/src/utils_assert.o
 .ARM.attributes
                0x0000020c       0x32 hal/utils/src/utils_list.o
 .ARM.attributes
                0x0000023e       0x32 hpl/core/hpl_init.o
 .ARM.attributes
                0x00000270       0x32 hpl/eic/hpl_eic.o
 .ARM.attributes
                0x000002a2       0x32 hpl/gclk/hpl_gclk.o
 .ARM.attributes
                0x000002d4       0x32 hpl/pm/hpl_pm.o
 .ARM.attributes
                0x00000306       0x32 hpl/rtc/hpl_rtc.o
 .ARM.attributes
                0x00000338       0x32 hpl/sercom/hpl_sercom.o
 .ARM.attributes
                0x0000036a       0x32 hpl/sysctrl/hpl_sysctrl.o
 .ARM.attributes
                0x0000039c       0x32 main.o
 .ARM.attributes
                0x000003ce       0x32 spi_pr_sn.o
 .ARM.attributes
                0x00000400       0x32 subbus.o
 .ARM.attributes
                0x00000432       0x32 Timer_Setup.o
 .ARM.attributes
                0x00000464       0x1e c:/program files (x86)/atmel/studio/7.0/toolchain/arm/arm-gnu-toolchain/bin/../lib/gcc/arm-none-eabi/6.3.1/thumb/v6-m\libgcc.a(_thumb1_case_uhi.o)
 .ARM.attributes
                0x00000482       0x2c c:/program files (x86)/atmel/studio/7.0/toolchain/arm/arm-gnu-toolchain/bin/../lib/gcc/arm-none-eabi/6.3.1/thumb/v6-m\libgcc.a(_ffssi2.o)
 .ARM.attributes
                0x000004ae       0x2c c:/program files (x86)/atmel/studio/7.0/toolchain/arm/arm-gnu-toolchain/bin/../lib/gcc/arm-none-eabi/6.3.1/thumb/v6-m\libgcc.a(addsf3.o)
 .ARM.attributes
                0x000004da       0x2c c:/program files (x86)/atmel/studio/7.0/toolchain/arm/arm-gnu-toolchain/bin/../lib/gcc/arm-none-eabi/6.3.1/thumb/v6-m\libgcc.a(divsf3.o)
 .ARM.attributes
                0x00000506       0x2c c:/program files (x86)/atmel/studio/7.0/toolchain/arm/arm-gnu-toolchain/bin/../lib/gcc/arm-none-eabi/6.3.1/thumb/v6-m\libgcc.a(mulsf3.o)
 .ARM.attributes
                0x00000532       0x2c c:/program files (x86)/atmel/studio/7.0/toolchain/arm/arm-gnu-toolchain/bin/../lib/gcc/arm-none-eabi/6.3.1/thumb/v6-m\libgcc.a(subsf3.o)
 .ARM.attributes
                0x0000055e       0x2c c:/program files (x86)/atmel/studio/7.0/toolchain/arm/arm-gnu-toolchain/bin/../lib/gcc/arm-none-eabi/6.3.1/thumb/v6-m\libgcc.a(floatsisf.o)
 .ARM.attributes
                0x0000058a       0x1e c:/program files (x86)/atmel/studio/7.0/toolchain/arm/arm-gnu-toolchain/bin/../lib/gcc/arm-none-eabi/6.3.1/thumb/v6-m\libgcc.a(_clzsi2.o)
 .ARM.attributes
                0x000005a8       0x1e c:/program files (x86)/atmel/studio/7.0/toolchain/arm/arm-gnu-toolchain/bin/../lib/gcc/arm-none-eabi/6.3.1/thumb/v6-m\libgcc.a(_ctzsi2.o)
 .ARM.attributes
                0x000005c6       0x2c c:/program files (x86)/atmel/studio/7.0/toolchain/arm/arm-gnu-toolchain/bin/../lib/gcc/arm-none-eabi/6.3.1/../../../../arm-none-eabi/lib/thumb/v6-m\libc_nano.a(lib_a-init.o)
 .ARM.attributes
                0x000005f2       0x1e c:/program files (x86)/atmel/studio/7.0/toolchain/arm/arm-gnu-toolchain/bin/../lib/gcc/arm-none-eabi/6.3.1/thumb/v6-m/crtn.o

.comment        0x00000000       0x59
 .comment       0x00000000       0x59 atmel_start.o
                                 0x5a (size before relaxing)
 .comment       0x00000059       0x5a Device_Startup/startup_samd21.o
 .comment       0x00000059       0x5a driver_init.o
 .comment       0x00000059       0x5a hal/src/hal_atomic.o
 .comment       0x00000059       0x5a hal/src/hal_ext_irq.o
 .comment       0x00000059       0x5a hal/src/hal_spi_m_async.o
 .comment       0x00000059       0x5a hal/src/hal_timer.o
 .comment       0x00000059       0x5a hal/src/hal_usart_sync.o
 .comment       0x00000059       0x5a hal/utils/src/utils_assert.o
 .comment       0x00000059       0x5a hal/utils/src/utils_list.o
 .comment       0x00000059       0x5a hpl/core/hpl_init.o
 .comment       0x00000059       0x5a hpl/eic/hpl_eic.o
 .comment       0x00000059       0x5a hpl/gclk/hpl_gclk.o
 .comment       0x00000059       0x5a hpl/pm/hpl_pm.o
 .comment       0x00000059       0x5a hpl/rtc/hpl_rtc.o
 .comment       0x00000059       0x5a hpl/sercom/hpl_sercom.o
 .comment       0x00000059       0x5a hpl/sysctrl/hpl_sysctrl.o
 .comment       0x00000059       0x5a main.o
 .comment       0x00000059       0x5a spi_pr_sn.o
 .comment       0x00000059       0x5a subbus.o
 .comment       0x00000059       0x5a Timer_Setup.o

.debug_frame    0x00000000      0x164
 .debug_frame   0x00000000       0x28 c:/program files (x86)/atmel/studio/7.0/toolchain/arm/arm-gnu-toolchain/bin/../lib/gcc/arm-none-eabi/6.3.1/thumb/v6-m\libgcc.a(_ffssi2.o)
 .debug_frame   0x00000028       0x34 c:/program files (x86)/atmel/studio/7.0/toolchain/arm/arm-gnu-toolchain/bin/../lib/gcc/arm-none-eabi/6.3.1/thumb/v6-m\libgcc.a(addsf3.o)
 .debug_frame   0x0000005c       0x3c c:/program files (x86)/atmel/studio/7.0/toolchain/arm/arm-gnu-toolchain/bin/../lib/gcc/arm-none-eabi/6.3.1/thumb/v6-m\libgcc.a(divsf3.o)
 .debug_frame   0x00000098       0x3c c:/program files (x86)/atmel/studio/7.0/toolchain/arm/arm-gnu-toolchain/bin/../lib/gcc/arm-none-eabi/6.3.1/thumb/v6-m\libgcc.a(mulsf3.o)
 .debug_frame   0x000000d4       0x38 c:/program files (x86)/atmel/studio/7.0/toolchain/arm/arm-gnu-toolchain/bin/../lib/gcc/arm-none-eabi/6.3.1/thumb/v6-m\libgcc.a(subsf3.o)
 .debug_frame   0x0000010c       0x2c c:/program files (x86)/atmel/studio/7.0/toolchain/arm/arm-gnu-toolchain/bin/../lib/gcc/arm-none-eabi/6.3.1/thumb/v6-m\libgcc.a(floatsisf.o)
 .debug_frame   0x00000138       0x2c c:/program files (x86)/atmel/studio/7.0/toolchain/arm/arm-gnu-toolchain/bin/../lib/gcc/arm-none-eabi/6.3.1/../../../../arm-none-eabi/lib/thumb/v6-m\libc_nano.a(lib_a-init.o)
